[backblue.gif]
[fade.gif]
[index.html]
[framerusercontent.com/sites/icons/default-favicon-dark.v1.png]
[framerusercontent.com/sites/icons/default-favicon-light.v1.png]
[framerusercontent.com/sites/icons/default-touch-icon.v3.png]
[framerusercontent.com/images/S0Vwrbl3CPsZdlhvBPkW64XacS0.png]
[multiple-center-712692.framer.app/index.html]
[framerusercontent.com/images/Gk26fIFA6VsDrNq5uoZEuayGyCk2791.jpg]
[framerusercontent.com/images/Gk26fIFA6VsDrNq5uoZEuayGyCkdfff.jpg]
[framerusercontent.com/images/w0lpsxoCIEEF7ypUETzMuQhRqkc971.jpg]
[framerusercontent.com/images/w0lpsxoCIEEF7ypUETzMuQhRqka14d.jpg]
[framerusercontent.com/images/T6MuSqWoNfghBiqPckHNITSdU4e91.jpg]
[framerusercontent.com/images/T6MuSqWoNfghBiqPckHNITSdU0fd6.jpg]
[framerusercontent.com/images/T6MuSqWoNfghBiqPckHNITSdU22e8.jpg]
[framerusercontent.com/images/gPjfbhmNrSYzLTZD3iyB9NiZXIbfde.jpg]
[framerusercontent.com/images/gPjfbhmNrSYzLTZD3iyB9NiZXI9d1f.jpg]
[framerusercontent.com/images/y5CpYbSXNJ0sqSJgTHOWWkFes9bb3.jpg]
[framerusercontent.com/images/y5CpYbSXNJ0sqSJgTHOWWkFes762c.jpg]
[framerusercontent.com/images/sqPVSUXCKrOEwo1Jkh5wALKWh0e632.png]
