[backblue.gif]
[fade.gif]
[index.html]
[framerusercontent.com/sites/icons/default-favicon-light.v1.png]
[framerusercontent.com/sites/icons/default-favicon-dark.v1.png]
[framerusercontent.com/sites/icons/default-touch-icon.v3.png]
[framerusercontent.com/images/Gk26fIFA6VsDrNq5uoZEuayGyCk2791.jpg]
[framerusercontent.com/images/Gk26fIFA6VsDrNq5uoZEuayGyCkdfff.jpg]
[framerusercontent.com/images/w0lpsxoCIEEF7ypUETzMuQhRqkc971.jpg]
[framerusercontent.com/images/w0lpsxoCIEEF7ypUETzMuQhRqka14d.jpg]
[framerusercontent.com/images/T6MuSqWoNfghBiqPckHNITSdU4e91.jpg]
[framerusercontent.com/images/T6MuSqWoNfghBiqPckHNITSdU0fd6.jpg]
[framerusercontent.com/images/T6MuSqWoNfghBiqPckHNITSdU22e8.jpg]
[framerusercontent.com/images/gPjfbhmNrSYzLTZD3iyB9NiZXIbfde.jpg]
[framerusercontent.com/images/gPjfbhmNrSYzLTZD3iyB9NiZXI9d1f.jpg]
[framerusercontent.com/images/y5CpYbSXNJ0sqSJgTHOWWkFes762c.jpg]
[framerusercontent.com/images/y5CpYbSXNJ0sqSJgTHOWWkFes9bb3.jpg]
[framerusercontent.com/images/sqPVSUXCKrOEwo1Jkh5wALKWh0e632.png]
[framerusercontent.com/images/sqPVSUXCKrOEwo1Jkh5wALKWh0f77d.png]
[framerusercontent.com/images/1aDuxHHVmZqxnkkYt9nitHkpbI06cd.jpg]
[framerusercontent.com/images/1aDuxHHVmZqxnkkYt9nitHkpbIe9aa.jpg]
[framerusercontent.com/images/1aDuxHHVmZqxnkkYt9nitHkpbIce52.jpg]
[framerusercontent.com/images/w6rFxVlJB122gKoRIIOK5VG54pY762c.jpg]
[framerusercontent.com/images/w6rFxVlJB122gKoRIIOK5VG54pY9bb3.jpg]
[framerusercontent.com/images/R6GQUOvsSq7wSYlEzZ4OQr8Fgagf0a1.png]
[framerusercontent.com/images/R6GQUOvsSq7wSYlEzZ4OQr8Fgag4134.png]
[framerusercontent.com/images/R6GQUOvsSq7wSYlEzZ4OQr8Fgagffb5.png]
[framerusercontent.com/images/R6GQUOvsSq7wSYlEzZ4OQr8Fgag918f.png]
[framerusercontent.com/images/t0Gbr8xezPixwVpdiqaS6GrhIcf1a.jpg]
[framerusercontent.com/images/t0Gbr8xezPixwVpdiqaS6GrhI3b23.jpg]
[framerusercontent.com/images/X00y6xk4o2mujyUB9F2da27KVv44b4b.jpg]
[framerusercontent.com/images/X00y6xk4o2mujyUB9F2da27KVv49ac3.jpg]
[framerusercontent.com/images/X00y6xk4o2mujyUB9F2da27KVv4cd01.jpg]
[framerusercontent.com/images/RP7Dj74uum4Ei2NgaKCQjqecLIYe802.jpg]
[framerusercontent.com/images/RP7Dj74uum4Ei2NgaKCQjqecLIY6cf2.jpg]
[framerusercontent.com/images/g9v2VzaQb0NxnxlzIymoHycVjJ4ab67.jpg]
[framerusercontent.com/images/g9v2VzaQb0NxnxlzIymoHycVjJ47838.jpg]
[framerusercontent.com/images/g9v2VzaQb0NxnxlzIymoHycVjJ4e9dc.jpg]
[framerusercontent.com/images/bGbDqNL6xkiwEJIgpSuQOIgzRS08dc2.png]
[framerusercontent.com/images/Xra7Gw5AEvl60ZVWwPUb4aeTuQc181.jpg]
[framerusercontent.com/images/Xra7Gw5AEvl60ZVWwPUb4aeTuQc517.jpg]
[framerusercontent.com/images/YtvpTL39M2IBH7go4EfOJ4olbc239a.jpg]
[framerusercontent.com/images/YtvpTL39M2IBH7go4EfOJ4olbc93b0.jpg]
[framerusercontent.com/images/cT5sTPztjSI11FtvXkpgZsAz38c08c7.png]
[framerusercontent.com/images/cT5sTPztjSI11FtvXkpgZsAz38c8da5.png]
[framerusercontent.com/images/EkYMlFY18ujEednJViBRAFQaMbee5.png]
[framerusercontent.com/images/EkYMlFY18ujEednJViBRAFQaM1ef2.png]
[framerusercontent.com/images/EkYMlFY18ujEednJViBRAFQaM75ab.png]
[framerusercontent.com/images/EkYMlFY18ujEednJViBRAFQaM4e64.png]
[framerusercontent.com/images/eynVbbl0hkGHxarmJtNJG3XY3e5e.png]
[framerusercontent.com/images/eynVbbl0hkGHxarmJtNJG3XY65d0.png]
[framerusercontent.com/images/eynVbbl0hkGHxarmJtNJG3XY11f6.png]
[framerusercontent.com/images/eynVbbl0hkGHxarmJtNJG3XYd560.png]
[multiple-center-712692.framer.app/index.html]
